// Jest Snapshot v1, https://goo.gl/fbAQLP

exports[`renderer.ts Renderer download svg 1`] = `
Object {
  "data": "data:image/svg+xml;base64,PHN2ZyB2ZXJzaW9uPSIxLjEiIHhtbG5zPSJodHRwOi8vd3d3LnczLm9yZy8yMDAwL3N2ZyIgeG1sbnM6eGxpbms9Imh0dHA6Ly93d3cudzMub3JnLzE5OTkveGxpbmsiIGhlaWdodD0iMCIgd2lkdGg9IjAiPjxwYXRoIGQ9Ik0gMCAwIEMgMC4yIDAuMiAwLjYgMC44IDEgMSBDIDEuNCAxLjIgMS42IDEuMiAyIDEgQyAyLjQgMC44IDIuOCAwLjIgMyAwIj48L3BhdGg+PHBhdGggZD0iTSA0IDQgTCA5IDQgTCA5IDggTCAzIDAgWiIgc3Ryb2tlLWxpbmVjYXA9InNxdWFyZSIgc3Ryb2tlLWxpbmVqb2luPSJtaXR0ZXIiPjwvcGF0aD48L3N2Zz4=",
  "extension": "svg",
}
`;
